/Engine/VREditor/Sounds/VR_click1_Cue.VR_click1_Cue
/Game/Hypogean/Materials/Blocks/MI_CaveWall.MI_CaveWall
/Game/Hypogean/Materials/Blocks/MI_DirtGround.MI_DirtGround
/Game/sA_ShootingVfxPack/Meshes/SM_Fx_Sphere.SM_Fx_Sphere
/Game/ManipulatorRobot/Materials/M_Metall.M_Metall
/Engine/BasicShapes/Cone.Cone
/Engine/BasicShapes/Cylinder.Cylinder
/Game/Bunker/Meshes/SM_box_medium.SM_box_medium
/Game/Bunker/Meshes/SM_pipe_staff_coupling_small.SM_pipe_staff_coupling_small
/Game/Bunker/Meshes/SM_platform_c.SM_platform_c
/Game/Bunker/Materials/M_brick.M_brick
/Game/CyberpunkIndustries/Meshes/Mesh_TrashBag01.Mesh_TrashBag01
/Game/CyberpunkIndustries/Meshes/Mesh_Fence02_FL.Mesh_Fence02_FL
/Game/CyberpunkIndustries/Meshes/Mesh_Pipe04.Mesh_Pipe04
/Game/Dystopian_Drones/cues/1_Evolving_Drones/Drone_Evolving_01_Cue.Drone_Evolving_01_Cue
/Game/Hypogean/Materials/Region/M_AttackRegion.M_AttackRegion
/Game/Hypogean/Materials/M_ArrowFlow.M_ArrowFlow
/Game/Hypogean/Materials/M_IndicatorMaterial.M_IndicatorMaterial
/Game/Hypogean/Materials/Outlines/M_Outlines.M_Outlines
/Game/Hypogean/Materials/M_PulsatingIndicator.M_PulsatingIndicator
/Game/Hypogean/Materials/Region/M_ExtraRegion.M_ExtraRegion
/Game/Hypogean/Materials/M_Ray.M_Ray
/Game/Hypogean/Materials/Region/M_Region.M_Region
/Game/Hypogean/Materials/M_UnknownGrid.M_UnknownGrid
/Game/Hypogean/Materials/MI_Laser.MI_Laser
/Game/Hypogean/Materials/MI_PulsatingAction.MI_PulsatingAction
/Game/Hypogean/Materials/MI_PulsatingAttack.MI_PulsatingAttack
/Engine/EditorMeshes/MatineeCam_SM.MatineeCam_SM
/Game/Hypogean/Particles/P_1_TorchFire_pt.P_1_TorchFire_pt
/Game/StarterContent/Particles/P_Explosion.P_Explosion
/Game/Hypogean/Models/SM_ActiveActorIndicator.SM_ActiveActorIndicator
/Game/Hypogean/Models/SM_BoxFrame.SM_BoxFrame
/Game/Hypogean/Models/SM_CellBlock.SM_CellBlock
/Game/Hypogean/Models/SM_ArcPart.SM_ArcPart
/Game/Hypogean/Models/SM_CellFloor.SM_CellFloor
/Engine/EditorMeshes/Camera/SM_CineCam.SM_CineCam
/Game/Hypogean/Models/SM_ConveyorBelt.SM_ConveyorBelt
/Game/Hypogean/Models/Robo/SM_Robo.SM_Robo
/Game/Hypogean/Models/SM_SimpleWall.SM_SimpleWall
/Game/Hypogean/Models/SM_Tube.SM_Tube
/Game/Hypogean/Fonts/OverHeadFont.OverHeadFont
/Game/IndustryPropsPack6/Meshes/SM_Barrel01.SM_Barrel01
/Game/IndustryPropsPack6/Meshes/SM_Box01.SM_Box01
/Game/IndustryPropsPack6/Meshes/SM_Box03.SM_Box03
/Game/IndustryPropsPack6/Meshes/SM_CartonBox03.SM_CartonBox03
/Game/IndustryPropsPack6/Meshes/SM_CartonGarbage03.SM_CartonGarbage03
/Game/IndustryPropsPack6/Meshes/SM_Pallet01.SM_Pallet01
/Game/IndustryPropsPack6/Meshes/SM_Rack01.SM_Rack01
/Game/IndustryPropsPack6/Meshes/SM_Rack02.SM_Rack02
/Game/IndustryPropsPack6/Meshes/SM_Tarp01.SM_Tarp01
/Game/IndustryPropsPack6/Meshes/SM_Tarp02.SM_Tarp02
/Game/IndustryPropsPack6/Meshes/SM_TrafficBarrel01.SM_TrafficBarrel01
/Game/ManipulatorRobot/Meshes/Manipulator_Robot/SM_ManipulatorRobot_Static.SM_ManipulatorRobot_Static
/Game/MediumMechStriker/MediumMechStrikerMasterPrefab_Static.MediumMechStrikerMasterPrefab_Static
/Game/MediumMechStriker/ScifiMechHeavyCanonShell.ScifiMechHeavyCanonShell
/Game/MediumMechStriker/ScifiMechLighCanonShell.ScifiMechLighCanonShell
/Game/ModularLowPolyRobots/Meshes/RobotBodies/SM_BodySmall_Type1.SM_BodySmall_Type1
/Game/ModularLowPolyRobots/Meshes/RobotBodies/SM_BodySmall_Type3.SM_BodySmall_Type3
/Game/ModularLowPolyRobots/Meshes/RobotBodies/SM_BodySmall_Type4.SM_BodySmall_Type4
/Game/ModularLowPolyRobots/Meshes/RobotWeapons/SM_HeavyRocket.SM_HeavyRocket
/Game/ModularLowPolyRobots/Meshes/RobotWeapons/SM_HeavyRocketPlatform.SM_HeavyRocketPlatform
/Game/ModularLowPolyRobots/Meshes/RobotWeapons/SM_LaserGun.SM_LaserGun
/Game/ModularLowPolyRobots/Meshes/RobotWeapons/SM_LaserGunPlatform.SM_LaserGunPlatform
/Game/ModularLowPolyRobots/Meshes/RobotWeapons/SM_MachineGun.SM_MachineGun
/Game/ModularLowPolyRobots/Meshes/RobotWeapons/SM_MachineGunPlatform.SM_MachineGunPlatform
/Game/ModularLowPolyRobots/Meshes/RobotWeapons/SM_PlasmaGun.SM_PlasmaGun
/Game/ModularLowPolyRobots/Meshes/RobotWeapons/SM_PlasmaGunPlatform.SM_PlasmaGunPlatform
/Game/ModularLowPolyRobots/Meshes/RobotChassis/TankChassis/SM_TankChassis.SM_TankChassis
/Game/ModularLowPolyRobots/Meshes/RobotChassis/HoverChassis/SM_HoverChassis.SM_HoverChassis
/Game/ModularLowPolyRobots/Meshes/RobotChassis/WheelChassis_W4/SM_WheelChassis_W4.SM_WheelChassis_W4
/Game/Pixabay/Sounds/Blaster2.Blaster2
/Game/Pixabay/Sounds/HeavyBeamWeapon.HeavyBeamWeapon
/Game/Pixabay/Sounds/HQExplosion.HQExplosion
/Game/Pixabay/Sounds/MachineGun.MachineGun
/Game/Pixabay/Sounds/Rocket.Rocket
/Game/ResearchCenter/Meshes/SM_Light_3.SM_Light_3
/Game/ResearchCenter/Meshes/SM_Fence_5.SM_Fence_5
/Game/ResearchCenter/Meshes/SM_Fence_Door_1.SM_Fence_Door_1
/Game/ResearchCenter/Meshes/SM_Box_6.SM_Box_6
/Game/ResearchCenter/Meshes/SM_Box_7.SM_Box_7
/Game/ResearchCenter/Meshes/SM_Fan_1.SM_Fan_1
/Game/ScienceLab/Meshes/Rooms/Ventilation/SM_Ventilation18.SM_Ventilation18
/Game/ScienceLab/Meshes/ScientificDevice/ControlPanel/SM_ControlPanel25.SM_ControlPanel25
/Game/Sci-Fi_Door/sci_fi_door.sci_fi_door
/Game/sA_ShootingVfxPack/FX/NiagaraSystems/NS_AR_Muzzleflash_1_INFINITE.NS_AR_Muzzleflash_1_INFINITE
/Game/sA_ShootingVfxPack/FX/NiagaraSystems/NS_BulletTrail_1.NS_BulletTrail_1
/Game/sA_ShootingVfxPack/FX/NiagaraSystems/NS_ROCKET_Trail.NS_ROCKET_Trail
/Game/StarterContent/Materials/M_Concrete_Poured.M_Concrete_Poured
/Game/StarterContent/Materials/M_Concrete_Tiles.M_Concrete_Tiles
/Game/StarterContent/Materials/M_Rock_Sandstone.M_Rock_Sandstone
/Game/StarterContent/Particles/P_Fire.P_Fire
/Game/StarterContent/Particles/P_Sparks.P_Sparks
